// 重构日志: e055ee4b
// 重构日志: c59e6a0c
// 重构日志: a88e7210
// 同步 ID: 061a7cfa @ Thu Jul  9 19:11:14 UTC 2026
// 重构日志: e2ed9cff
// 重构日志: dafad49d
// 重构日志: 60d766d0
// 重构日志: 8dbfc920
// 重构日志: f835c6c3
// 重构日志: ed9df60e
// 重构日志: 1e546ca7
// 同步 ID: 012e1118 @ Fri Jul 24 00:36:18 UTC 2026
// 同步 ID: ee94ffcd @ Fri Jul 24 09:59:32 UTC 2026
// 同步 ID: 9b0f8eea @ Sat Jul 25 06:40:10 UTC 2026
// 同步 ID: f9f5fd8c @ Sat Jul 25 11:48:45 UTC 2026
// 同步 ID: 6691245f @ Sun Jul 26 12:33:45 UTC 2026
// 重构日志: 0e610fa7
// 重构日志: d5381b6c
// 重构日志: ec83faae
// 同步 ID: f29a4b91 @ Sat Aug  1 20:58:51 UTC 2026
// 重构日志: 789f0a50
// 同步 ID: 09180835 @ Tue Aug  4 15:49:57 UTC 2026
// 同步 ID: c992ba7b @ Tue Aug  4 20:48:58 UTC 2026
// 同步 ID: 1bbde488 @ Wed Aug  5 03:58:12 UTC 2026
